   Compiling proc-macro2 v1.0.107
   Compiling unicode-ident v1.0.26
   Compiling quote v1.0.47
   Compiling syn v3.0.6
   Compiling pin-project-lite v0.2.17
   Compiling syn v2.0.119
   Compiling futures-core v0.3.34
   Compiling wasm-bindgen-shared v0.2.129
   Compiling once_cell v1.21.4
   Compiling rustversion v1.0.23
   Compiling futures-sink v0.3.34
   Compiling futures-channel v0.3.34
   Compiling futures-macro v0.3.34
   Compiling futures-io v0.3.34
   Compiling bytes v1.12.1
   Compiling memchr v2.8.3
   Compiling slab v0.4.12
   Compiling futures-task v0.3.34
   Compiling anyhow v1.0.104
   Compiling bumpalo v3.20.3
   Compiling wasm-bindgen-macro-support v0.2.129
   Compiling futures-util v0.3.34
   Compiling wasm-bindgen v0.2.129
   Compiling libc v0.2.189
   Compiling either v1.18.0
   Compiling itertools v0.14.0
   Compiling wasm-bindgen-macro v0.2.129
   Compiling cfg-if v1.0.5
   Compiling prost-derive v0.14.4
   Compiling bitflags v2.13.2
   Compiling js-sys v0.3.106
   Compiling rustix v1.1.5
   Compiling itoa v1.0.18
   Compiling prettyplease v0.2.37
   Compiling pulldown-cmark v0.13.4
   Compiling getrandom v0.4.3
   Compiling http v1.5.0
   Compiling errno v0.3.14
   Compiling tokio v1.53.1
   Compiling foldhash v0.1.5
   Compiling regex-syntax v0.8.11
   Compiling prost v0.14.4
   Compiling indexmap v2.14.2
   Compiling regex-automata v0.4.18
   Compiling hashbrown v0.15.5
   Compiling tracing-core v0.1.36
   Compiling tracing-attributes v0.1.31
   Compiling fixedbitset v0.5.7
   Compiling fastrand v2.5.0
   Compiling tempfile v3.27.0
   Compiling petgraph v0.8.3
   Compiling tracing v0.1.44
   Compiling pulldown-cmark-to-cmark v22.0.3
   Compiling regex v1.13.1
   Compiling prost-types v0.14.4
   Compiling http-body v1.1.0
   Compiling pin-project-internal v1.1.13
   Compiling heck v0.5.0
   Compiling thiserror v2.0.21
   Compiling multimap v0.10.1
   Compiling prost-build v0.14.4
   Compiling pin-project v1.1.13
   Compiling http-body-util v0.1.5
   Compiling tonic-build v0.14.6
   Compiling tokio-stream v0.1.19
   Compiling async-trait v0.1.92
   Compiling thiserror-impl v2.0.21
   Compiling protoc-bin-vendored-linux-aarch_64 v3.2.0
   Compiling percent-encoding v2.3.2
   Compiling protoc-bin-vendored-linux-s390_64 v3.2.0
   Compiling protoc-bin-vendored-macos-x86_64 v3.2.0
   Compiling base64 v0.22.1
   Compiling protoc-bin-vendored-win32 v3.2.0
   Compiling tower-layer v0.3.3
   Compiling protoc-bin-vendored-linux-x86_32 v3.2.0
   Compiling tower-service v0.3.3
   Compiling protoc-bin-vendored-linux-ppcle_64 v3.2.0
   Compiling protoc-bin-vendored-linux-x86_64 v3.2.0
   Compiling protoc-bin-vendored-macos-aarch_64 v3.2.0
   Compiling sync_wrapper v1.0.2
   Compiling tonic v0.14.6
   Compiling protoc-bin-vendored v3.2.0
   Compiling tonic-prost-build v0.14.6
   Compiling hashbrown v0.17.1
   Compiling equivalent v1.0.2
   Compiling df-protocol v0.1.0 (/Users/earlcameron/Desktop/dungeonflux/crates/df-protocol)
   Compiling opentelemetry v0.31.0
   Compiling tokio-util v0.7.19
   Compiling web-time v1.1.0
   Compiling futures-executor v0.3.34
   Compiling atomic-waker v1.1.2
   Compiling fnv v1.0.7
   Compiling h2 v0.4.19 (/Users/earlcameron/Desktop/dungeonflux/crates/df-rpc-bridge/vendor/h2)
   Compiling futures v0.3.34
   Compiling tonic-prost v0.14.6
   Compiling df-observe v0.1.0 (/Users/earlcameron/Desktop/dungeonflux/crates/df-observe)
   Compiling wasm-bindgen-futures v0.4.79
   Compiling gloo-timers v0.3.0
   Compiling web-sys v0.3.106
   Compiling df-rpc-bridge v0.1.0 (/Users/earlcameron/Desktop/dungeonflux/crates/df-rpc-bridge)
   Compiling df-tools v0.1.0 (/Users/earlcameron/Desktop/dungeonflux/crates/df-tools)
    Finished `dev` profile [unoptimized + debuginfo] target(s) in 1m 01s
